hotkey-registered=1 error=0
hotkey-overlay-visible=1
mouse-strokes=1
desktop-background-visible=1
rendered-red-ink-visible=1
clear-remaining=0
hidden-and-input-disabled=1
previous-focus-restored=1
50-toggle-cycles=1
display-change-exits=1
focus-loss-exits=1
second-instance-activates-existing=1
ctrl-wheel-increases-width=1
width-minimum=1
width-maximum=24
touch-injection-initialized=1 error=0
injected-touch-strokes=1
two-strokes-before-undo=2
ctrl-z-leaves-one-stroke=1
exit-clears-ink=1
reopen-empty=1
undo-empty-safe=1
velocity-pressure-disabled=1
velocity-test-strokes=2
slow-average-pressure=0.5
fast-average-pressure=0.5
slow-rendered-width-px=18
fast-rendered-width-px=18
mouse-width-independent-of-speed=1
color-shortcut-R=1
color-shortcut-G=1
color-shortcut-O=1
color-shortcut-P=1
color-shortcut-B=1
color-shortcut-W=1
color-shortcut-Y=1
pen-settings-preserved-on-reentry=1
held-mouse-head-width=18
held-mouse-body-width=18
held-mouse-start-no-ball=1
settings-change-save-old-released=1
settings-conflict-preserves-old=1
settings-restore-default=1
settings-dialog-load-reset=1
settings-dialog-cancel-keeps-shortcut=1
result=0
